
> hello-travel-web@0.0.1 build
> tsc -b && vite build

vite v8.3.0 building client environment for production...
transforming...
✓ 3099 modules transformed.
rendering chunks...
computing gzip size...
dist/index.html                             2.33 kB │ gzip:  0.58 kB
dist/assets/frontend-Dh5RA_dF.css           6.75 kB │ gzip:  2.14 kB
dist/assets/index-DIYsbTWk.js               0.04 kB │ gzip:  0.06 kB
dist/assets/vendor-BIRQB9kD.js              0.13 kB │ gzip:  0.13 kB
dist/assets/vendor-DlcA9c9r.js              0.60 kB │ gzip:  0.26 kB
dist/assets/rolldown-runtime-D2aABDIb.js    0.68 kB │ gzip:  0.41 kB
dist/assets/vendor-CKOjZomO.js              0.85 kB │ gzip:  0.40 kB
dist/assets/vendor-CTIHqV9t.js              3.56 kB │ gzip:  1.57 kB
dist/assets/AuthPanel-C_bIhGCY.js           3.63 kB │ gzip:  1.91 kB
dist/assets/vendor-S7_wi2Sy.js              3.67 kB │ gzip:  1.32 kB
dist/assets/KnowledgePanel-yodlmG4j.js      3.77 kB │ gzip:  2.05 kB
dist/assets/vendor-44F3cT-f.js              4.18 kB │ gzip:  2.03 kB
dist/assets/vendor-CFzpUPG-.js              6.77 kB │ gzip:  2.53 kB
dist/assets/vendor-C3ie3uq3.js              8.24 kB │ gzip:  3.11 kB
dist/assets/vendor-C0nDZl-7.js             10.04 kB │ gzip:  4.33 kB
dist/assets/frontend-C0DFfZlU.js           21.64 kB │ gzip:  8.66 kB
dist/assets/vendor-Brr8tHTM.js             24.96 kB │ gzip:  9.84 kB
dist/assets/vendor-BeZMMVlm.js             25.42 kB │ gzip:  7.65 kB
dist/assets/vendor-BylOZZj5.js             35.19 kB │ gzip: 11.65 kB
dist/assets/vendor-DhMrCVXf.js             43.42 kB │ gzip: 13.17 kB
dist/assets/vendor-Bb9b8LdM.js             44.48 kB │ gzip: 16.36 kB
dist/assets/vendor-CsgolIq7.js             62.53 kB │ gzip: 21.27 kB
dist/assets/vendor-C0cwVZ_Z.js             65.34 kB │ gzip: 24.74 kB
dist/assets/vendor-4IZIVNu9.js             70.54 kB │ gzip: 24.08 kB
dist/assets/vendor-DHWbI2TS.js             82.02 kB │ gzip: 29.73 kB
dist/assets/vendor-CR5g0i69.js             94.12 kB │ gzip: 30.91 kB
dist/assets/vendor-BcG6iNiL.js             97.09 kB │ gzip: 29.71 kB
dist/assets/vendor-21VV9nZA.js             99.68 kB │ gzip: 30.33 kB
dist/assets/vendor-BiFzDR9Y.js            203.14 kB │ gzip: 63.52 kB

✓ built in 534ms
