[INFO] Scanning for projects...
[INFO] 
[INFO] ----------------< verification:ht-independent-consumer >----------------
[INFO] Building ht-independent-consumer 1
[INFO]   from pom.xml
[INFO] --------------------------------[ jar ]---------------------------------
[INFO] 
[INFO] --- clean:3.2.0:clean (default-clean) @ ht-independent-consumer ---
[INFO] Deleting /tmp/ht-independent-consumer/target
[INFO] 
[INFO] --- resources:3.4.0:resources (default-resources) @ ht-independent-consumer ---
[INFO] skip non existing resourceDirectory /tmp/ht-independent-consumer/src/main/resources
[INFO] 
[INFO] --- compiler:3.13.0:compile (default-compile) @ ht-independent-consumer ---
[INFO] Recompiling the module because of changed source code.
[INFO] Compiling 1 source file with javac [debug release 17] to target/classes
[INFO] 
[INFO] --- resources:3.4.0:testResources (default-testResources) @ ht-independent-consumer ---
[INFO] skip non existing resourceDirectory /tmp/ht-independent-consumer/src/test/resources
[INFO] 
[INFO] --- compiler:3.13.0:testCompile (default-testCompile) @ ht-independent-consumer ---
[INFO] No sources to compile
[INFO] 
[INFO] --- surefire:3.5.4:test (default-test) @ ht-independent-consumer ---
[INFO] No tests to run.
[INFO] 
[INFO] --- jar:3.5.0:jar (default-jar) @ ht-independent-consumer ---
[INFO] Building jar: /tmp/ht-independent-consumer/target/ht-independent-consumer-1.jar
[INFO] ------------------------------------------------------------------------
[INFO] BUILD SUCCESS
[INFO] ------------------------------------------------------------------------
[INFO] Total time:  1.589 s
[INFO] Finished at: 2026-09-17T20:51:55+08:00
[INFO] ------------------------------------------------------------------------
