hello-travel/hello-travel-adaptor/src/main/java/com/hellotravel/adaptor/http/input/AuthController.java,blank_lines_removed=2
hello-travel/hello-travel-adaptor/src/main/java/com/hellotravel/adaptor/http/input/ChatController.java,blank_lines_removed=1
hello-travel/hello-travel-adaptor/src/main/java/com/hellotravel/adaptor/http/input/KnowledgeController.java,blank_lines_removed=1
hello-travel/hello-travel-adaptor/src/main/java/com/hellotravel/adaptor/http/input/SyncController.java,blank_lines_removed=1
hello-travel/hello-travel-adaptor/src/main/java/com/hellotravel/adaptor/http/stream/SyncStreamController.java,blank_lines_removed=2
hello-travel/hello-travel-adaptor/src/main/java/com/hellotravel/adaptor/http/support/AuthCookies.java,blank_lines_removed=2
hello-travel/hello-travel-adaptor/src/main/java/com/hellotravel/adaptor/http/support/SessionFilter.java,blank_lines_removed=3
hello-travel/hello-travel-adaptor/src/main/java/com/hellotravel/adaptor/mail/output/MailOutAdaptorImpl.java,blank_lines_removed=1
hello-travel/hello-travel-adaptor/src/main/java/com/hellotravel/adaptor/model/output/ModelOutAdaptorImpl.java,blank_lines_removed=2
hello-travel/hello-travel-adaptor/src/main/java/com/hellotravel/adaptor/security/output/SecurityOutAdaptorImpl.java,blank_lines_removed=2
hello-travel/hello-travel-adaptor/src/main/java/com/hellotravel/adaptor/travel/output/TravelOutAdaptorImpl.java,blank_lines_removed=1
hello-travel/hello-travel-application/src/main/java/com/hellotravel/application/auth/workflow/AuthFlow.java,blank_lines_removed=6
hello-travel/hello-travel-application/src/main/java/com/hellotravel/application/chat/workflow/ChatFlow.java,blank_lines_removed=6
hello-travel/hello-travel-application/src/main/java/com/hellotravel/application/jobs/workflow/BackgroundJobs.java,blank_lines_removed=10
hello-travel/hello-travel-application/src/main/java/com/hellotravel/application/jobs/workflow/RetentionJobs.java,blank_lines_removed=3
hello-travel/hello-travel-application/src/main/java/com/hellotravel/application/knowledge/workflow/KnowledgeFlow.java,blank_lines_removed=6
hello-travel/hello-travel-application/src/main/java/com/hellotravel/application/knowledge/workflow/KnowledgeIndexer.java,blank_lines_removed=8
hello-travel/hello-travel-application/src/main/java/com/hellotravel/application/knowledge/workflow/RagFlow.java,blank_lines_removed=4
hello-travel/hello-travel-application/src/main/java/com/hellotravel/application/memory/workflow/MemoryFlow.java,blank_lines_removed=6
hello-travel/hello-travel-application/src/main/java/com/hellotravel/application/memory/workflow/PrivacyCleanup.java,blank_lines_removed=3
hello-travel/hello-travel-application/src/main/java/com/hellotravel/application/persistence/DomainWrites.java,blank_lines_removed=1
hello-travel/hello-travel-application/src/main/java/com/hellotravel/application/persistence/TravelRepositories.java,blank_lines_removed=16
hello-travel/hello-travel-application/src/main/java/com/hellotravel/application/sync/service/SyncApplication.java,blank_lines_removed=1
hello-travel/hello-travel-application/src/main/java/com/hellotravel/application/sync/workflow/SyncEvents.java,blank_lines_removed=1
hello-travel/hello-travel-application/src/main/java/com/hellotravel/application/travel/workflow/RunCoordinator.java,blank_lines_removed=3
hello-travel/hello-travel-application/src/main/java/com/hellotravel/application/travel/workflow/TravelGraph.java,blank_lines_removed=9
hello-travel/hello-travel-application/src/main/java/com/hellotravel/application/tx/Transactions.java,blank_lines_removed=2
hello-travel/hello-travel-domain/src/main/java/com/hellotravel/domain/persistence/service/TravelWriteDomainService.java,blank_lines_removed=16
component_classes=34,adjacent_dependency_pairs_and_constructors=153,changed_files=28,apply=true
